### Failure in: 0:10:Valida Mapa 11
tests/Fase1.hs:34
expected: False
 but got: True
### Failure in: 1:0:Construir Mapa 01
tests/Fase1.hs:34
expected: [[Vazio,Vazio,Vazio,Vazio,Vazio,Vazio,Vazio],[Vazio,Vazio,Vazio,Vazio,Vazio,Vazio,Bloco]]
 but got: [[Vazio,Vazio,Vazio,Vazio,Vazio,Vazio,Vazio],[Vazio,Vazio,Vazio,Vazio,Vazio,Vazio,Bloco],[Vazio,Vazio,Vazio,Vazio,Vazio,Vazio,Bloco],[Porta,Vazio,Bloco,Vazio,Caixa,Vazio,Bloco],[Bloco,Bloco,Bloco,Bloco,Bloco,Bloco,Bloco]]
### Failure in: 1:10:Construir Mapa 11
tests/Fase1.hs:34
expected: [[Vazio,Vazio,Vazio,Vazio,Vazio,Vazio,Vazio],[Vazio,Vazio,Vazio,Vazio,Vazio,Vazio,Vazio],[Vazio,Vazio,Vazio,Vazio,Vazio,Vazio,Vazio],[Vazio,Vazio,Vazio,Vazio,Vazio,Vazio,Vazio],[Vazio,Vazio,Vazio,Vazio,Vazio,Vazio,Bloco],[Vazio,Vazio,Vazio,Bloco,Bloco,Bloco,Vazio],[Vazio,Vazio,Bloco,Vazio,Vazio,Vazio,Vazio],[Vazio,Bloco,Vazio,Vazio,Vazio,Vazio,Vazio],[Vazio,Bloco,Vazio,Vazio,Vazio,Vazio,Vazio],[Vazio,Bloco,Vazio,Vazio,Vazio,Vazio,Vazio],[Vazio,Bloco,Vazio,Vazio,Vazio,Vazio,Vazio],[Vazio,Bloco,Vazio,Vazio,Vazio,Vazio,Vazio],[Bloco,Bloco,Vazio,Vazio,Vazio,Vazio,Bloco],[Bloco,Porta,Vazio,Vazio,Vazio,Vazio,Bloco],[Bloco,Bloco,Bloco,Bloco,Bloco,Vazio,Bloco],[Vazio,Vazio,Vazio,Vazio,Bloco,Vazio,Bloco],[Vazio,Vazio,Vazio,Vazio,Bloco,Vazio,Bloco],[Vazio,Vazio,Vazio,Vazio,Bloco,Bloco,Bloco]]
 but got: [[Vazio,Vazio,Vazio,Vazio,Vazio,Vazio,Vazio,Vazio,Vazio,Vazio,Vazio,Vazio,Vazio,Vazio,Vazio,Vazio,Vazio,Vazio,Vazio,Bloco,Vazio,Vazio,Vazio,Vazio,Vazio],[Vazio,Vazio,Vazio,Vazio,Vazio,Vazio,Vazio,Vazio,Vazio,Vazio,Vazio,Vazio,Vazio,Vazio,Vazio,Vazio,Vazio,Vazio,Bloco,Vazio,Bloco,Vazio,Vazio,Vazio,Vazio],[Vazio,Vazio,Vazio,Vazio,Vazio,Vazio,Vazio,Vazio,Vazio,Vazio,Vazio,Vazio,Vazio,Vazio,Vazio,Vazio,Vazio,Bloco,Vazio,Vazio,Vazio,Bloco,Vazio,Vazio,Vazio],[Vazio,Vazio,Vazio,Vazio,Vazio,Vazio,Vazio,Bloco,Vazio,Vazio,Vazio,Vazio,Vazio,Vazio,Vazio,Vazio,Bloco,Vazio,Vazio,Vazio,Vazio,Vazio,Bloco,Vazio,Vazio],[Vazio,Vazio,Vazio,Vazio,Vazio,Vazio,Bloco,Vazio,Bloco,Vazio,Vazio,Vazio,Vazio,Vazio,Vazio,Bloco,Vazio,Vazio,Vazio,Vazio,Vazio,Vazio,Vazio,Bloco,Vazio],[Vazio,Vazio,Vazio,Bloco,Bloco,Bloco,Vazio,Vazio,Vazio,Bloco,Vazio,Vazio,Vazio,Vazio,Bloco,Vazio,Vazio,Vazio,Vazio,Vazio,Vazio,Vazio,Vazio,Vazio,Bloco],[Vazio,Vazio,Bloco,Vazio,Vazio,Vazio,Vazio,Vazio,Vazio,Vazio,Bloco,Vazio,Vazio,Bloco,Vazio,Vazio,Vazio,Vazio,Vazio,Vazio,Vazio,Vazio,Vazio,Vazio,Bloco],[Vazio,Bloco,Vazio,Vazio,Vazio,Vazio,Vazio,Vazio,Vazio,Vazio,Vazio,Bloco,Bloco,Vazio,Vazio,Vazio,Vazio,Vazio,Vazio,Vazio,Vazio,Vazio,Vazio,Vazio,Bloco],[Vazio,Bloco,Vazio,Vazio,Vazio,Vazio,Vazio,Vazio,Vazio,Vazio,Vazio,Vazio,Vazio,Vazio,Vazio,Vazio,Vazio,Vazio,Vazio,Vazio,Vazio,Vazio,Vazio,Vazio,Bloco],[Vazio,Bloco,Vazio,Vazio,Vazio,Vazio,Vazio,Vazio,Vazio,Vazio,Vazio,Vazio,Vazio,Vazio,Vazio,Vazio,Vazio,Vazio,Vazio,Vazio,Vazio,Vazio,Vazio,Caixa,Bloco],[Vazio,Bloco,Vazio,Vazio,Vazio,Vazio,Vazio,Vazio,Vazio,Vazio,Vazio,Vazio,Vazio,Vazio,Vazio,Vazio,Vazio,Vazio,Vazio,Vazio,Vazio,Vazio,Caixa,Caixa,Bloco],[Vazio,Bloco,Vazio,Vazio,Vazio,Vazio,Vazio,Vazio,Vazio,Vazio,Vazio,Vazio,Vazio,Vazio,Vazio,Vazio,Vazio,Vazio,Vazio,Vazio,Vazio,Vazio,Bloco,Bloco,Bloco],[Bloco,Bloco,Vazio,Vazio,Vazio,Vazio,Bloco,Vazio,Vazio,Vazio,Vazio,Vazio,Vazio,Vazio,Vazio,Vazio,Vazio,Bloco,Vazio,Vazio,Vazio,Vazio,Bloco,Vazio,Vazio],[Bloco,Porta,Vazio,Vazio,Vazio,Vazio,Bloco,Vazio,Caixa,Vazio,Vazio,Vazio,Vazio,Vazio,Vazio,Vazio,Vazio,Bloco,Bloco,Bloco,Bloco,Bloco,Bloco,Vazio,Vazio],[Bloco,Bloco,Bloco,Bloco,Bloco,Vazio,Bloco,Vazio,Caixa,Vazio,Vazio,Vazio,Caixa,Vazio,Vazio,Bloco,Bloco,Bloco,Vazio,Vazio,Vazio,Vazio,Vazio,Vazio,Vazio],[Vazio,Vazio,Vazio,Vazio,Bloco,Vazio,Bloco,Vazio,Caixa,Vazio,Bloco,Vazio,Bloco,Caixa,Vazio,Bloco,Vazio,Vazio,Vazio,Vazio,Vazio,Vazio,Vazio,Vazio,Vazio],[Vazio,Vazio,Vazio,Vazio,Bloco,Vazio,Bloco,Bloco,Bloco,Bloco,Bloco,Bloco,Bloco,Bloco,Bloco,Bloco,Vazio,Vazio,Vazio,Vazio,Vazio,Vazio,Vazio,Vazio,Vazio],[Vazio,Vazio,Vazio,Vazio,Bloco,Bloco,Bloco,Vazio,Vazio,Vazio,Vazio,Vazio,Vazio,Vazio,Vazio,Vazio,Vazio,Vazio,Vazio,Vazio,Vazio,Vazio,Vazio,Vazio,Vazio]]
### Failure in: 1:38:Identidade Mapa 11
tests/Fase1.hs:34
expected: [[Vazio,Vazio,Vazio,Vazio,Vazio,Vazio,Vazio],[Vazio,Vazio,Vazio,Vazio,Vazio,Vazio,Vazio],[Vazio,Vazio,Vazio,Vazio,Vazio,Vazio,Vazio],[Vazio,Vazio,Vazio,Vazio,Vazio,Vazio,Vazio],[Vazio,Vazio,Vazio,Vazio,Vazio,Vazio,Bloco],[Vazio,Vazio,Vazio,Bloco,Bloco,Bloco,Vazio],[Vazio,Vazio,Bloco,Vazio,Vazio,Vazio,Vazio],[Vazio,Bloco,Vazio,Vazio,Vazio,Vazio,Vazio],[Vazio,Bloco,Vazio,Vazio,Vazio,Vazio,Vazio],[Vazio,Bloco,Vazio,Vazio,Vazio,Vazio,Vazio],[Vazio,Bloco,Vazio,Vazio,Vazio,Vazio,Vazio],[Vazio,Bloco,Vazio,Vazio,Vazio,Vazio,Vazio],[Bloco,Bloco,Vazio,Vazio,Vazio,Vazio,Bloco],[Bloco,Porta,Vazio,Vazio,Vazio,Vazio,Bloco],[Bloco,Bloco,Bloco,Bloco,Bloco,Vazio,Bloco],[Vazio,Vazio,Vazio,Vazio,Bloco,Vazio,Bloco],[Vazio,Vazio,Vazio,Vazio,Bloco,Vazio,Bloco],[Vazio,Vazio,Vazio,Vazio,Bloco,Bloco,Bloco]]
 but got: [[Vazio,Vazio,Vazio,Vazio,Vazio,Vazio,Vazio,Vazio,Vazio,Vazio,Vazio,Vazio,Vazio,Vazio,Vazio,Vazio,Vazio,Vazio,Vazio,Bloco,Vazio,Vazio,Vazio,Vazio,Vazio],[Vazio,Vazio,Vazio,Vazio,Vazio,Vazio,Vazio,Vazio,Vazio,Vazio,Vazio,Vazio,Vazio,Vazio,Vazio,Vazio,Vazio,Vazio,Bloco,Vazio,Bloco,Vazio,Vazio,Vazio,Vazio],[Vazio,Vazio,Vazio,Vazio,Vazio,Vazio,Vazio,Vazio,Vazio,Vazio,Vazio,Vazio,Vazio,Vazio,Vazio,Vazio,Vazio,Bloco,Vazio,Vazio,Vazio,Bloco,Vazio,Vazio,Vazio],[Vazio,Vazio,Vazio,Vazio,Vazio,Vazio,Vazio,Bloco,Vazio,Vazio,Vazio,Vazio,Vazio,Vazio,Vazio,Vazio,Bloco,Vazio,Vazio,Vazio,Vazio,Vazio,Bloco,Vazio,Vazio],[Vazio,Vazio,Vazio,Vazio,Vazio,Vazio,Bloco,Vazio,Bloco,Vazio,Vazio,Vazio,Vazio,Vazio,Vazio,Bloco,Vazio,Vazio,Vazio,Vazio,Vazio,Vazio,Vazio,Bloco,Vazio],[Vazio,Vazio,Vazio,Bloco,Bloco,Bloco,Vazio,Vazio,Vazio,Bloco,Vazio,Vazio,Vazio,Vazio,Bloco,Vazio,Vazio,Vazio,Vazio,Vazio,Vazio,Vazio,Vazio,Vazio,Bloco],[Vazio,Vazio,Bloco,Vazio,Vazio,Vazio,Vazio,Vazio,Vazio,Vazio,Bloco,Vazio,Vazio,Bloco,Vazio,Vazio,Vazio,Vazio,Vazio,Vazio,Vazio,Vazio,Vazio,Vazio,Bloco],[Vazio,Bloco,Vazio,Vazio,Vazio,Vazio,Vazio,Vazio,Vazio,Vazio,Vazio,Bloco,Bloco,Vazio,Vazio,Vazio,Vazio,Vazio,Vazio,Vazio,Vazio,Vazio,Vazio,Vazio,Bloco],[Vazio,Bloco,Vazio,Vazio,Vazio,Vazio,Vazio,Vazio,Vazio,Vazio,Vazio,Vazio,Vazio,Vazio,Vazio,Vazio,Vazio,Vazio,Vazio,Vazio,Vazio,Vazio,Vazio,Vazio,Bloco],[Vazio,Bloco,Vazio,Vazio,Vazio,Vazio,Vazio,Vazio,Vazio,Vazio,Vazio,Vazio,Vazio,Vazio,Vazio,Vazio,Vazio,Vazio,Vazio,Vazio,Vazio,Vazio,Vazio,Caixa,Bloco],[Vazio,Bloco,Vazio,Vazio,Vazio,Vazio,Vazio,Vazio,Vazio,Vazio,Vazio,Vazio,Vazio,Vazio,Vazio,Vazio,Vazio,Vazio,Vazio,Vazio,Vazio,Vazio,Caixa,Caixa,Bloco],[Vazio,Bloco,Vazio,Vazio,Vazio,Vazio,Vazio,Vazio,Vazio,Vazio,Vazio,Vazio,Vazio,Vazio,Vazio,Vazio,Vazio,Vazio,Vazio,Vazio,Vazio,Vazio,Bloco,Bloco,Bloco],[Bloco,Bloco,Vazio,Vazio,Vazio,Vazio,Bloco,Vazio,Vazio,Vazio,Vazio,Vazio,Vazio,Vazio,Vazio,Vazio,Vazio,Bloco,Vazio,Vazio,Vazio,Vazio,Bloco,Vazio,Vazio],[Bloco,Porta,Vazio,Vazio,Vazio,Vazio,Bloco,Vazio,Caixa,Vazio,Vazio,Vazio,Vazio,Vazio,Vazio,Vazio,Vazio,Bloco,Bloco,Bloco,Bloco,Bloco,Bloco,Vazio,Vazio],[Bloco,Bloco,Bloco,Bloco,Bloco,Vazio,Bloco,Vazio,Caixa,Vazio,Vazio,Vazio,Caixa,Vazio,Vazio,Bloco,Bloco,Bloco,Vazio,Vazio,Vazio,Vazio,Vazio,Vazio,Vazio],[Vazio,Vazio,Vazio,Vazio,Bloco,Vazio,Bloco,Vazio,Caixa,Vazio,Bloco,Vazio,Bloco,Caixa,Vazio,Bloco,Vazio,Vazio,Vazio,Vazio,Vazio,Vazio,Vazio,Vazio,Vazio],[Vazio,Vazio,Vazio,Vazio,Bloco,Vazio,Bloco,Bloco,Bloco,Bloco,Bloco,Bloco,Bloco,Bloco,Bloco,Bloco,Vazio,Vazio,Vazio,Vazio,Vazio,Vazio,Vazio,Vazio,Vazio],[Vazio,Vazio,Vazio,Vazio,Bloco,Bloco,Bloco,Vazio,Vazio,Vazio,Vazio,Vazio,Vazio,Vazio,Vazio,Vazio,Vazio,Vazio,Vazio,Vazio,Vazio,Vazio,Vazio,Vazio,Vazio]]
### Failure in: 3:1:Movimento Trepar no Jogo 02
tests/Fase1.hs:34
expected:        
    C X
    < X
P X C X
XXXXXXX
 but got:        
    C X
    < X
P X C X
XXXXXXX
### Failure in: 3:8:Movimento Trepar para Oeste para cima de Caixa com Caixa
tests/Fase1.hs:34
expected:        
    C X
    < X
P X C X
XXXXXXX
 but got:        
    C X
    < X
P X C X
XXXXXXX
### Failure in: 3:9:Movimento Trepar para Este para cima de Caixa com Caixa
tests/Fase1.hs:34
expected:        
    C X
    > X
P X C X
XXX